[19:00:31.599] camera authorization status: 3 (0 notDetermined, 1 restricted, 2 denied, 3 authorized)
[19:00:31.599] [mine] opening: Elgato 4K X | model=UVC Camera VendorID_4057 ProductID_156 | id=0x2300000fd9009c | 1280x720@120.00048000192001 420v | inUseByOther=false | connected=true
[19:00:31.663] [mine] activeFormat changed -> Elgato 4K X | model=UVC Camera VendorID_4057 ProductID_156 | id=0x2300000fd9009c | 1920x1080@120.00048000192001 420v | inUseByOther=false | connected=true
[19:00:31.737] [mine] session running=true format now: Elgato 4K X | model=UVC Camera VendorID_4057 ProductID_156 | id=0x2300000fd9009c | 1920x1080@120.00048000192001 420v | inUseByOther=false | connected=true
[19:00:31.738] [mine] holding lockForConfiguration for the run
[19:00:32.241] frame dimensions now 1920x1080
[19:00:32.347] writer started -> /Users/gopher/Code/artisan-build/rheocles/app/Scripts/spikes/s1-camera-sharing/out/mine-first-locked/mine-assetwriter.mov 1920x1080
[19:00:32.649] recording started -> /Users/gopher/Code/artisan-build/rheocles/app/Scripts/spikes/s1-camera-sharing/out/mine-first-locked/mine-fileoutput.mov
[19:00:32.744] [mine] t= 1 frames=   15 (+ 15) drops=0 medianGap=0.0334s maxGap=0.0991s stalls=1 inUseByOther=false running=true
[19:00:33.749] [mine] t= 2 frames=   45 (+ 30) drops=0 medianGap=0.0334s maxGap=0.0991s stalls=1 inUseByOther=false running=true
[19:00:34.754] [mine] t= 3 frames=   75 (+ 30) drops=0 medianGap=0.0334s maxGap=0.0991s stalls=1 inUseByOther=false running=true
[19:00:35.760] [mine] t= 4 frames=  106 (+ 31) drops=0 medianGap=0.0334s maxGap=0.0991s stalls=1 inUseByOther=false running=true
[19:00:36.766] [mine] t= 5 frames=  136 (+ 30) drops=0 medianGap=0.0334s maxGap=0.0991s stalls=1 inUseByOther=false running=true
[19:00:37.769] [mine] t= 6 frames=  166 (+ 30) drops=0 medianGap=0.0334s maxGap=0.0991s stalls=1 inUseByOther=false running=true
[19:00:38.772] [mine] t= 7 frames=  196 (+ 30) drops=0 medianGap=0.0334s maxGap=0.0991s stalls=1 inUseByOther=false running=true
[19:00:39.774] [mine] t= 8 frames=  226 (+ 30) drops=0 medianGap=0.0334s maxGap=0.0991s stalls=1 inUseByOther=false running=true
[19:00:40.777] [mine] t= 9 frames=  256 (+ 30) drops=0 medianGap=0.0334s maxGap=0.0991s stalls=1 inUseByOther=false running=true
[19:00:41.779] [mine] t=10 frames=  286 (+ 30) drops=0 medianGap=0.0334s maxGap=0.0991s stalls=1 inUseByOther=false running=true
[19:00:42.781] [mine] t=11 frames=  316 (+ 30) drops=0 medianGap=0.0334s maxGap=0.0991s stalls=1 inUseByOther=false running=true
[19:00:43.786] [mine] t=12 frames=  346 (+ 30) drops=0 medianGap=0.0334s maxGap=0.0991s stalls=1 inUseByOther=false running=true
[19:00:44.787] [mine] t=13 frames=  376 (+ 30) drops=0 medianGap=0.0334s maxGap=0.0991s stalls=1 inUseByOther=false running=true
[19:00:45.790] [mine] t=14 frames=  406 (+ 30) drops=0 medianGap=0.0334s maxGap=0.0991s stalls=1 inUseByOther=false running=true
[19:00:46.795] [mine] t=15 frames=  436 (+ 30) drops=0 medianGap=0.0334s maxGap=0.0991s stalls=1 inUseByOther=false running=true
[19:00:47.800] [mine] t=16 frames=  467 (+ 31) drops=0 medianGap=0.0334s maxGap=0.0991s stalls=1 inUseByOther=false running=true
[19:00:48.805] [mine] t=17 frames=  497 (+ 30) drops=0 medianGap=0.0334s maxGap=0.0991s stalls=1 inUseByOther=false running=true
[19:00:49.810] [mine] t=18 frames=  527 (+ 30) drops=0 medianGap=0.0334s maxGap=0.0991s stalls=1 inUseByOther=false running=true
[19:00:50.813] [mine] t=19 frames=  557 (+ 30) drops=0 medianGap=0.0334s maxGap=0.0991s stalls=1 inUseByOther=false running=true
[19:00:51.816] [mine] t=20 frames=  587 (+ 30) drops=0 medianGap=0.0334s maxGap=0.0991s stalls=1 inUseByOther=false running=true
[19:00:52.818] [mine] t=21 frames=  617 (+ 30) drops=0 medianGap=0.0334s maxGap=0.0991s stalls=1 inUseByOther=false running=true
[19:00:53.821] [mine] t=22 frames=  647 (+ 30) drops=0 medianGap=0.0334s maxGap=0.0991s stalls=1 inUseByOther=false running=true
[19:00:54.825] [mine] t=23 frames=  677 (+ 30) drops=0 medianGap=0.0334s maxGap=0.0991s stalls=1 inUseByOther=false running=true
[19:00:55.827] [mine] t=24 frames=  707 (+ 30) drops=0 medianGap=0.0334s maxGap=0.0991s stalls=1 inUseByOther=false running=true
[19:00:56.830] [mine] t=25 frames=  737 (+ 30) drops=0 medianGap=0.0334s maxGap=0.0991s stalls=1 inUseByOther=false running=true
[19:00:57.833] [mine] t=26 frames=  767 (+ 30) drops=0 medianGap=0.0334s maxGap=0.0991s stalls=1 inUseByOther=false running=true
[19:00:58.838] [mine] t=27 frames=  797 (+ 30) drops=0 medianGap=0.0334s maxGap=0.0991s stalls=1 inUseByOther=false running=true
[19:00:59.843] [mine] t=28 frames=  827 (+ 30) drops=0 medianGap=0.0334s maxGap=0.0991s stalls=1 inUseByOther=false running=true
[19:01:00.853] [mine] t=29 frames=  858 (+ 31) drops=0 medianGap=0.0334s maxGap=0.0991s stalls=1 inUseByOther=false running=true
[19:01:01.858] [mine] t=30 frames=  888 (+ 30) drops=0 medianGap=0.0334s maxGap=0.0991s stalls=1 inUseByOther=false running=true
[19:01:02.862] [mine] t=31 frames=  918 (+ 30) drops=0 medianGap=0.0334s maxGap=0.0991s stalls=1 inUseByOther=false running=true
[19:01:03.863] [mine] t=32 frames=  948 (+ 30) drops=0 medianGap=0.0334s maxGap=0.0991s stalls=1 inUseByOther=false running=true
[19:01:04.866] [mine] t=33 frames=  978 (+ 30) drops=0 medianGap=0.0334s maxGap=0.0991s stalls=1 inUseByOther=false running=true
[19:01:05.869] [mine] t=34 frames= 1008 (+ 30) drops=0 medianGap=0.0334s maxGap=0.0991s stalls=1 inUseByOther=false running=true
[19:01:06.875] [mine] t=35 frames= 1038 (+ 30) drops=0 medianGap=0.0334s maxGap=0.0991s stalls=1 inUseByOther=false running=true
[19:01:07.879] [mine] t=36 frames= 1068 (+ 30) drops=0 medianGap=0.0334s maxGap=0.0991s stalls=1 inUseByOther=false running=true
[19:01:08.880] [mine] t=37 frames= 1098 (+ 30) drops=0 medianGap=0.0334s maxGap=0.0991s stalls=1 inUseByOther=false running=true
[19:01:09.885] [mine] t=38 frames= 1128 (+ 30) drops=0 medianGap=0.0334s maxGap=0.0991s stalls=1 inUseByOther=false running=true
[19:01:10.889] [mine] t=39 frames= 1159 (+ 31) drops=0 medianGap=0.0334s maxGap=0.0991s stalls=1 inUseByOther=false running=true
[19:01:11.894] [mine] t=40 frames= 1189 (+ 30) drops=0 medianGap=0.0334s maxGap=0.0991s stalls=1 inUseByOther=false running=true
[19:01:16.963] movie file output never reported didFinishRecording within 5s
[19:01:16.986] writer finished status=2 (2 completed, 3 failed) error=none frames=1341 notReady=0
[19:01:17.182] [mine] SUMMARY device=Elgato 4K X seconds=45.4 frames=1342 avgFps=29.53 medianGap=0.0334s (30.0 fps) drops=0 [:] maxGap=0.0991s stalls=1 recordingErrors=[]
[19:01:17.182] [mine] file out/mine-first-locked/mine-fileoutput.mov size=52623723
[19:01:17.183] [mine] file out/mine-first-locked/mine-assetwriter.mov size=79415999
